Microchip MPLAB XC8 Compiler V1.45 ()

Linker command line:

-W-3 --edf=/opt/microchip/xc8/v1.45/dat/en_msgs.txt -cs \
  -h+dist/default/production/DigitalClock.X.production.sym \
  --cmf=dist/default/production/DigitalClock.X.production.cmf -z -Q18F4620 \
  -o/tmp/xcXAPTjSj -Mdist/default/production/DigitalClock.X.production.map \
  -E1 -ver=XC8 -ASTACK=0CCh-0f7fh -pstack=STACK -ACODE=00h-0FFFFh \
  -ACONST=00h-0FFFFh -ASMALLCONST=01000h-010FFhx240 \
  -AMEDIUMCONST=01000h-0FFFFh -ACOMRAM=01h-07Fh -AABS1=00h-0F7Fh \
  -ABIGRAM=01h-0F7Fh -ARAM=080h-0FFh,0100h-01FFhx14,0F00h-0F7Fh \
  -ABANK0=080h-0FFh -ABANK1=0100h-01FFh -ABANK2=0200h-02FFh \
  -ABANK3=0300h-03FFh -ABANK4=0400h-04FFh -ABANK5=0500h-05FFh \
  -ABANK6=0600h-06FFh -ABANK7=0700h-07FFh -ABANK8=0800h-08FFh \
  -ABANK9=0900h-09FFh -ABANK10=0A00h-0AFFh -ABANK11=0B00h-0BFFh \
  -ABANK12=0C00h-0CFFh -ABANK13=0D00h-0DFFh -ABANK14=0E00h-0EFFh \
  -ABANK15=0F00h-0F7Fh -ASFR=0F80h-0FFFh \
  -preset_vec=00h,intcode=08h,intcodelo=018h,powerup,init -pramtop=01000h \
  -psmallconst=SMALLCONST -pmediumconst=MEDIUMCONST -pconst=CONST \
  -AFARRAM=00h-00h -ACONFIG=0300000h-030000Dh -pconfig=CONFIG \
  -AIDLOC=0200000h-0200007h -pidloc=IDLOC -AEEDATA=0F00000h-0F003FFh \
  -peeprom_data=EEDATA \
  -prdata=COMRAM,nvrram=COMRAM,nvbit=COMRAM,rbss=COMRAM,rbit=COMRAM \
  -pfarbss=FARRAM,fardata=FARRAM,nvFARRAM=FARRAM \
  -pintsave_regs=BIGRAM,bigbss=BIGRAM,bigdata=BIGRAM -pbss=RAM \
  -pidata=CODE,irdata=CODE,ibigdata=CODE,ifardata=CODE -prparam=COMRAM \
  /tmp/xcXuAYXUS.obj dist/default/production/DigitalClock.X.production.obj 

Object code version is 3.11

Machine type is 18F4620

Call graph: (short form)




                Name                               Link     Load   Length Selector   Space Scale
/tmp/xcXuAYXUS.obj
                init                                 C6       C6        4        C       0
                reset_vec                             0        0        4        0       0
                idloc                            200000   200000        8   200000       0
                config                           300000   300000        E   300000       0
dist/default/production/DigitalClock.X.production.obj
                intcodelo                            18       18       AE        C       0
                intcode                               8        8        6        4       0
                temp                                 55       55        1        1       1
                smallconst                         1000     1000       82      800       0
                intcode_body                       1760     1760       D8      841       0
                text28                             1C5C     1C5C       26      841       0
                text27                             1BE0     1BE0       2E      841       0
                text26                             1CC8     1CC8       22      841       0
                text25                             19EE     19EE       48      841       0
                text24                             1A78     1A78       42      841       0
                text23                             1946     1946       56      841       0
                text22                             18F0     18F0       56      841       0
                text21                             1D22     1D22       18      841       0
                text20                             1D62     1D62        6      841       0
                text19                             1D5C     1D5C        6      841       0
                text18                             1C82     1C82       24      841       0
                text17                             1D4A     1D4A        A      841       0
                text16                             1B72     1B72       38      841       0
                text15                             1CA6     1CA6       22      841       0
                text14                             1838     1838       62      841       0
                text13                             1D54     1D54        8      841       0
                text12                             1D3A     1D3A       10      841       0
                text11                             189A     189A       56      841       0
                text10                             1D08     1D08       1A      841       0
                text9                              1C0E     1C0E       28      841       0
                text8                              199C     199C       52      841       0
                text7                              1A36     1A36       42      841       0
                text6                              1C36     1C36       26      841       0
                text5                              1CEA     1CEA       1E      841       0
                text4                              1448     1448      318      841       0
                text3                              1AF8     1AF8       3E      841       0
                text2                              1B36     1B36       3C      841       0
                text1                              1ABA     1ABA       3E      841       0
                text0                              1082     1082      3C6      841       0
                cstackCOMRAM                          1        1       50        1       1
                cstackBANK0                          80       80       39       80       1
                bssBANK0                             B9       B9       13       80       1
                dataCOMRAM                           51       51        4        1       1
                cinit                              1BAA     1BAA       36      841       0
                idataCOMRAM                        1D68     1D68        4      841       0

TOTAL           Name                               Link     Load   Length     Space
        CLASS   STACK          

        CLASS   CODE           
                intcodelo                            18       18       AE         0
                intcode                               8        8        6         0
                init                                 C6       C6        4         0
                reset_vec                             0        0        4         0
                intcode_body                       1760     1760       D8         0
                text28                             1C5C     1C5C       26         0
                text27                             1BE0     1BE0       2E         0
                text26                             1CC8     1CC8       22         0
                text25                             19EE     19EE       48         0
                text24                             1A78     1A78       42         0
                text23                             1946     1946       56         0
                text22                             18F0     18F0       56         0
                text21                             1D22     1D22       18         0
                text20                             1D62     1D62        6         0
                text19                             1D5C     1D5C        6         0
                text18                             1C82     1C82       24         0
                text17                             1D4A     1D4A        A         0
                text16                             1B72     1B72       38         0
                text15                             1CA6     1CA6       22         0
                text14                             1838     1838       62         0
                text13                             1D54     1D54        8         0
                text12                             1D3A     1D3A       10         0
                text11                             189A     189A       56         0
                text10                             1D08     1D08       1A         0
                text9                              1C0E     1C0E       28         0
                text8                              199C     199C       52         0
                text7                              1A36     1A36       42         0
                text6                              1C36     1C36       26         0
                text5                              1CEA     1CEA       1E         0
                text4                              1448     1448      318         0
                text3                              1AF8     1AF8       3E         0
                text2                              1B36     1B36       3C         0
                text1                              1ABA     1ABA       3E         0
                text0                              1082     1082      3C6         0
                cinit                              1BAA     1BAA       36         0
                idataCOMRAM                        1D68     1D68        4         0

        CLASS   CONST          

        CLASS   SMALLCONST     
                smallconst                         1000     1000       82         0

        CLASS   MEDIUMCONST    

        CLASS   COMRAM         
                temp                                 55       55        1         1
                cstackCOMRAM                          1        1       50         1
                dataCOMRAM                           51       51        4         1

        CLASS   ABS1           

        CLASS   BIGRAM         

        CLASS   RAM            

        CLASS   BANK0          
                cstackBANK0                          80       80       39         1
                bssBANK0                             B9       B9       13         1

        CLASS   BANK1          

        CLASS   BANK2          

        CLASS   BANK3          

        CLASS   BANK4          

        CLASS   BANK5          

        CLASS   BANK6          

        CLASS   BANK7          

        CLASS   BANK8          

        CLASS   BANK9          

        CLASS   BANK10         

        CLASS   BANK11         

        CLASS   BANK12         

        CLASS   BANK13         

        CLASS   BANK14         

        CLASS   BANK15         

        CLASS   SFR            

        CLASS   FARRAM         

        CLASS   CONFIG         
                config                           300000   300000        E         0

        CLASS   IDLOC          
                idloc                            200000   200000        8         0

        CLASS   EEDATA         



SEGMENTS        Name                           Load    Length   Top    Selector   Space  Class

                reset_vec                      000000  000004  000004         0       0  CODE    
                cstackCOMRAM                   000001  000055  000056         1       1  COMRAM  
                intcode                        000008  000006  00000E         4       0  CODE    
                intcodelo                      000018  0000B2  0000CA         C       0  CODE    
                cstackBANK0                    000080  00004C  0000CC        80       1  BANK0   
                smallconst                     001000  000082  001082       800       0  SMALLCON
                text0                          001082  000CEA  001D6C       841       0  CODE    
                idloc                          200000  000008  200008    200000       0  IDLOC   
                config                         300000  00000E  30000E    300000       0  CONFIG  


UNUSED ADDRESS RANGES

        Name                Unused          Largest block    Delta
        BANK0            0000CC-0000FF               34
        BANK1            000100-0001FF              100
        BANK10           000A00-000AFF              100
        BANK11           000B00-000BFF              100
        BANK12           000C00-000CFF              100
        BANK13           000D00-000DFF              100
        BANK14           000E00-000EFF              100
        BANK15           000F00-000F7F               80
        BANK2            000200-0002FF              100
        BANK3            000300-0003FF              100
        BANK4            000400-0004FF              100
        BANK5            000500-0005FF              100
        BANK6            000600-0006FF              100
        BANK7            000700-0007FF              100
        BANK8            000800-0008FF              100
        BANK9            000900-0009FF              100
        BIGRAM           000056-00007F               2A
                         0000CC-000F7F              EB4
        CODE             000004-000007                4
                         00000E-000017                A
                         0000CA-000FFF              F36
                         001D6C-00FFFF             E294
        COMRAM           000056-00007F               2A
        CONST            000004-000007                4
                         00000E-000017                A
                         0000CA-000FFF              F36
                         001D6C-00FFFF             E294
        EEDATA           F00000-F003FF              400
        MEDIUMCONST      001D6C-00FFFF             E294
        RAM              0000CC-000F7F              100
        SFR              000F80-000FFF               80
        SMALLCONST       001D6C-00FFFF              100
        STACK            0000CC-000F7F              EB4

                                  Symbol Table

?___lwdiv                         cstackCOMRAM 000028
?___lwmod                         cstackCOMRAM 00002F
?___wmul                          cstackCOMRAM 000028
?_isDigit                         cstackCOMRAM 000028
?_sprintf                         cstackCOMRAM 000034
_ADCON0                           (abs)        000FC2
_ADCON1                           (abs)        000FC1
_BAUDCONbits                      (abs)        000FB8
_DisplayNames                     text21       001D22
_INTCON2                          (abs)        000FF1
_INTCON2bits                      (abs)        000FF1
_INTCON3                          (abs)        000FF0
_INTCON3bits                      (abs)        000FF0
_INTCONbits                       (abs)        000FF2
_LCD_INIT_STRING                  dataCOMRAM   000051
_PIR1bits                         (abs)        000F9E
_PORTCbits                        (abs)        000F82
_PORTEbits                        (abs)        000F84
_RCONbits                         (abs)        000FD0
_RCREG                            (abs)        000FAE
_RCSTA                            (abs)        000FAB
_RCSTAbits                        (abs)        000FAB
_SPBRG                            (abs)        000FAF
_SPBRGH                           (abs)        000FB0
_T0CON                            (abs)        000FD5
_T0CONbits                        (abs)        000FD5
_T1CONbits                        (abs)        000FCD
_T3CONbits                        (abs)        000FB1
_TMR0H                            (abs)        000FD7
_TMR0L                            (abs)        000FD6
_TRISA                            (abs)        000F92
_TRISB                            (abs)        000F93
_TRISC                            (abs)        000F94
_TRISCbits                        (abs)        000F94
_TRISD                            (abs)        000F95
_TRISE                            (abs)        000F96
_TXREG                            (abs)        000FAD
_TXSTA                            (abs)        000FAC
_TXSTAbits                        (abs)        000FAC
__CFG_BOREN$SBORDIS               (abs)        000000
__CFG_BORV$3                      (abs)        000000
__CFG_CCP2MX$PORTC                (abs)        000000
__CFG_CP0$OFF                     (abs)        000000
__CFG_CP1$OFF                     (abs)        000000
__CFG_CP2$OFF                     (abs)        000000
__CFG_CP3$OFF                     (abs)        000000
__CFG_CPB$OFF                     (abs)        000000
__CFG_CPD$OFF                     (abs)        000000
__CFG_EBTR0$OFF                   (abs)        000000
__CFG_EBTR1$OFF                   (abs)        000000
__CFG_EBTR2$OFF                   (abs)        000000
__CFG_EBTR3$OFF                   (abs)        000000
__CFG_EBTRB$OFF                   (abs)        000000
__CFG_FCMEN$OFF                   (abs)        000000
__CFG_IESO$OFF                    (abs)        000000
__CFG_LPT1OSC$OFF                 (abs)        000000
__CFG_LVP$ON                      (abs)        000000
__CFG_MCLRE$ON                    (abs)        000000
__CFG_OSC$XT                      (abs)        000000
__CFG_PBADEN$ON                   (abs)        000000
__CFG_PWRT$OFF                    (abs)        000000
__CFG_STVREN$ON                   (abs)        000000
__CFG_WDT$ON                      (abs)        000000
__CFG_WDTPS$32768                 (abs)        000000
__CFG_WRT0$OFF                    (abs)        000000
__CFG_WRT1$OFF                    (abs)        000000
__CFG_WRT2$OFF                    (abs)        000000
__CFG_WRT3$OFF                    (abs)        000000
__CFG_WRTB$OFF                    (abs)        000000
__CFG_WRTC$OFF                    (abs)        000000
__CFG_WRTD$OFF                    (abs)        000000
__CFG_XINST$OFF                   (abs)        000000
__HRAM                            (abs)        000000
__Habs1                           abs1         000000
__Hbank0                          bank0        000000
__Hbank1                          bank1        000000
__Hbank10                         bank10       000000
__Hbank11                         bank11       000000
__Hbank12                         bank12       000000
__Hbank13                         bank13       000000
__Hbank14                         bank14       000000
__Hbank15                         bank15       000000
__Hbank2                          bank2        000000
__Hbank3                          bank3        000000
__Hbank4                          bank4        000000
__Hbank5                          bank5        000000
__Hbank6                          bank6        000000
__Hbank7                          bank7        000000
__Hbank8                          bank8        000000
__Hbank9                          bank9        000000
__Hbigbss                         bigbss       000000
__Hbigdata                        bigdata      000000
__Hbigram                         bigram       000000
__Hbss                            bss          000000
__HbssBANK0                       bssBANK0     000000
__Hcinit                          cinit        000000
__Hclrtext                        clrtext      000000
__Hcomram                         comram       000000
__Hconfig                         config       30000E
__Hconst                          const        000000
__HcstackBANK0                    cstackBANK0  000000
__HcstackCOMRAM                   cstackCOMRAM 000000
__Hdata                           data         000000
__HdataCOMRAM                     dataCOMRAM   000000
__Heeprom_data                    eeprom_data  000000
__Hfarbss                         farbss       000000
__Hfardata                        fardata      000000
__Hibigdata                       ibigdata     000000
__Hidata                          idata        000000
__HidataCOMRAM                    idataCOMRAM  000000
__Hidloc                          idloc        200008
__Hifardata                       ifardata     000000
__Hinit                           init         0000CA
__Hintcode                        intcode      00000E
__Hintcode_body                   intcode_body 000000
__Hintcodelo                      intcodelo    0000C6
__Hintentry                       intentry     000000
__Hintret                         intret       000000
__Hintsave_regs                   intsave_regs 000000
__Hirdata                         irdata       000000
__Hmediumconst                    mediumconst  000000
__HnvFARRAM                       nvFARRAM     000000
__Hnvbit                          nvbit        000000
__Hnvrram                         nvrram       000000
__Hparam                          rparam       000000
__Hpowerup                        powerup      0000C6
__Hram                            ram          000000
__Hramtop                         ramtop       001000
__Hrbit                           rbit         000000
__Hrbss                           rbss         000000
__Hrdata                          rdata        000000
__Hreset_vec                      reset_vec    000004
__Hrparam                         rparam       000000
__Hsfr                            sfr          000000
__Hsmallconst                     smallconst   001082
__Hspace_0                        (abs)        30000E
__Hspace_1                        (abs)        0000CC
__Hspace_2                        (abs)        000000
__Hstack                          stack        000000
__Hstruct                         struct       000000
__Htemp                           temp         000056
__Htext                           text         000000
__Htext0                          text0        000000
__Htext1                          text1        000000
__Htext10                         text10       000000
__Htext11                         text11       000000
__Htext12                         text12       000000
__Htext13                         text13       000000
__Htext14                         text14       000000
__Htext15                         text15       000000
__Htext16                         text16       000000
__Htext17                         text17       000000
__Htext18                         text18       000000
__Htext19                         text19       000000
__Htext2                          text2        000000
__Htext20                         text20       000000
__Htext21                         text21       000000
__Htext22                         text22       000000
__Htext23                         text23       000000
__Htext24                         text24       000000
__Htext25                         text25       000000
__Htext26                         text26       000000
__Htext27                         text27       000000
__Htext28                         text28       000000
__Htext3                          text3        000000
__Htext4                          text4        000000
__Htext5                          text5        000000
__Htext6                          text6        000000
__Htext7                          text7        000000
__Htext8                          text8        000000
__Htext9                          text9        000000
__LRAM                            (abs)        000001
__Labs1                           abs1         000000
__Lbank0                          bank0        000000
__Lbank1                          bank1        000000
__Lbank10                         bank10       000000
__Lbank11                         bank11       000000
__Lbank12                         bank12       000000
__Lbank13                         bank13       000000
__Lbank14                         bank14       000000
__Lbank15                         bank15       000000
__Lbank2                          bank2        000000
__Lbank3                          bank3        000000
__Lbank4                          bank4        000000
__Lbank5                          bank5        000000
__Lbank6                          bank6        000000
__Lbank7                          bank7        000000
__Lbank8                          bank8        000000
__Lbank9                          bank9        000000
__Lbigbss                         bigbss       000000
__Lbigdata                        bigdata      000000
__Lbigram                         bigram       000000
__Lbss                            bss          000000
__LbssBANK0                       bssBANK0     000000
__Lcinit                          cinit        000000
__Lclrtext                        clrtext      000000
__Lcomram                         comram       000000
__Lconfig                         config       300000
__Lconst                          const        000000
__LcstackBANK0                    cstackBANK0  000000
__LcstackCOMRAM                   cstackCOMRAM 000000
__Ldata                           data         000000
__LdataCOMRAM                     dataCOMRAM   000000
__Leeprom_data                    eeprom_data  000000
__Lfarbss                         farbss       000000
__Lfardata                        fardata      000000
__Libigdata                       ibigdata     000000
__Lidata                          idata        000000
__LidataCOMRAM                    idataCOMRAM  000000
__Lidloc                          idloc        200000
__Lifardata                       ifardata     000000
__Linit                           init         0000C6
__Lintcode                        intcode      000008
__Lintcode_body                   intcode_body 000000
__Lintcodelo                      intcodelo    000018
__Lintentry                       intentry     000000
__Lintret                         intret       000000
__Lintsave_regs                   intsave_regs 000000
__Lirdata                         irdata       000000
__Lmediumconst                    mediumconst  000000
__LnvFARRAM                       nvFARRAM     000000
__Lnvbit                          nvbit        000000
__Lnvrram                         nvrram       000000
__Lparam                          rparam       000000
__Lpowerup                        powerup      0000C6
__Lram                            ram          000000
__Lramtop                         ramtop       001000
__Lrbit                           rbit         000000
__Lrbss                           rbss         000000
__Lrdata                          rdata        000000
__Lreset_vec                      reset_vec    000000
__Lrparam                         rparam       000000
__Lsfr                            sfr          000000
__Lsmallconst                     smallconst   001000
__Lspace_0                        (abs)        000000
__Lspace_1                        (abs)        000000
__Lspace_2                        (abs)        000000
__Lstack                          stack        000000
__Lstruct                         struct       000000
__Ltemp                           temp         000055
__Ltext                           text         000000
__Ltext0                          text0        000000
__Ltext1                          text1        000000
__Ltext10                         text10       000000
__Ltext11                         text11       000000
__Ltext12                         text12       000000
__Ltext13                         text13       000000
__Ltext14                         text14       000000
__Ltext15                         text15       000000
__Ltext16                         text16       000000
__Ltext17                         text17       000000
__Ltext18                         text18       000000
__Ltext19                         text19       000000
__Ltext2                          text2        000000
__Ltext20                         text20       000000
__Ltext21                         text21       000000
__Ltext22                         text22       000000
__Ltext23                         text23       000000
__Ltext24                         text24       000000
__Ltext25                         text25       000000
__Ltext26                         text26       000000
__Ltext27                         text27       000000
__Ltext28                         text28       000000
__Ltext3                          text3        000000
__Ltext4                          text4        000000
__Ltext5                          text5        000000
__Ltext6                          text6        000000
__Ltext7                          text7        000000
__Ltext8                          text8        000000
__Ltext9                          text9        000000
__S0                              (abs)        30000E
__S1                              (abs)        0000CC
__S2                              (abs)        000000
___inthi_sp                       stack        000000
___intlo_sp                       stack        000000
___lwdiv                          text8        00199C
___lwdiv@counter                  cstackCOMRAM 00002E
___lwdiv@dividend                 cstackCOMRAM 000028
___lwdiv@divisor                  cstackCOMRAM 00002A
___lwdiv@quotient                 cstackCOMRAM 00002C
___lwmod                          text7        001A36
___lwmod@counter                  cstackCOMRAM 000033
___lwmod@dividend                 cstackCOMRAM 00002F
___lwmod@divisor                  cstackCOMRAM 000031
___param_bank                     (abs)        000000
___rparam_used                    (abs)        000001
___sp                             stack        000000
___wmul                           text6        001C36
___wmul@multiplicand              cstackCOMRAM 00002A
___wmul@multiplier                cstackCOMRAM 000028
___wmul@product                   cstackCOMRAM 00002C
__accesstop                       (abs)        000080
__activetblptr                    (abs)        000003
__end_of_DisplayNames             text21       001D3A
__end_of___lwdiv                  text8        0019EE
__end_of___lwmod                  text7        001A78
__end_of___wmul                   text6        001C5C
__end_of__initialization          cinit        001BD6
__end_of_delay_cycles             text27       001C0E
__end_of_delay_ms                 text28       001C82
__end_of_disableInterrupts        text20       001D68
__end_of_dpowers                  smallconst   00100B
__end_of_enableInterrupts         text19       001D62
__end_of_highIsr                  intcode_body 001838
__end_of_initTimers01             text18       001CA6
__end_of_initialization           text16       001BAA
__end_of_isDigit                  text15       001CC8
__end_of_isdigit                  text5        001D08
__end_of_lcd_gotoxy               text24       001ABA
__end_of_lcd_init                 text14       00189A
__end_of_lcd_putc                 text23       00199C
__end_of_lcd_puts                 text22       001946
__end_of_lcd_send_byte            text25       001A36
__end_of_lcd_send_nibble          text26       001CEA
__end_of_lowIsr                   intcodelo    0000C6
__end_of_main                     text0        001448
__end_of_read_byte_no_lib         text13       001D5C
__end_of_reloadTimer0             text17       001D54
__end_of_send_byte_no_lib         text12       001D4A
__end_of_send_string_no_lib       text11       0018F0
__end_of_setupPorts               text10       001D22
__end_of_setupSerial              text9        001C36
__end_of_sprintf                  text4        001760
__end_of_updateAlarmDisplay       text3        001B36
__end_of_updateAlarmStateDisplay  text2        001B72
__end_of_updateClockDisplay       text1        001AF8
__initialization                  cinit        001BAA
__mediumconst                     mediumconst  000000
__pbssBANK0                       bssBANK0     0000B9
__pcinit                          cinit        001BAA
__pcstackBANK0                    cstackBANK0  000080
__pcstackCOMRAM                   cstackCOMRAM 000001
__pdataCOMRAM                     dataCOMRAM   000051
__pidataCOMRAM                    idataCOMRAM  001D68
__pintcode                        intcode      000008
__pintcode_body                   intcode_body 001760
__pintcodelo                      intcodelo    000018
__psmallconst                     smallconst   001000
__ptext0                          text0        001082
__ptext1                          text1        001ABA
__ptext10                         text10       001D08
__ptext11                         text11       00189A
__ptext12                         text12       001D3A
__ptext13                         text13       001D54
__ptext14                         text14       001838
__ptext15                         text15       001CA6
__ptext16                         text16       001B72
__ptext17                         text17       001D4A
__ptext18                         text18       001C82
__ptext19                         text19       001D5C
__ptext2                          text2        001B36
__ptext20                         text20       001D62
__ptext21                         text21       001D22
__ptext22                         text22       0018F0
__ptext23                         text23       001946
__ptext24                         text24       001A78
__ptext25                         text25       0019EE
__ptext26                         text26       001CC8
__ptext27                         text27       001BE0
__ptext28                         text28       001C5C
__ptext3                          text3        001AF8
__ptext4                          text4        001448
__ptext5                          text5        001CEA
__ptext6                          text6        001C36
__ptext7                          text7        001A36
__ptext8                          text8        00199C
__ptext9                          text9        001C0E
__ramtop                          ramtop       001000
__size_of_DisplayNames            (abs)        000000
__size_of___lwdiv                 (abs)        000000
__size_of___lwmod                 (abs)        000000
__size_of___wmul                  (abs)        000000
__size_of_delay_cycles            (abs)        000000
__size_of_delay_ms                (abs)        000000
__size_of_disableInterrupts       (abs)        000000
__size_of_enableInterrupts        (abs)        000000
__size_of_highIsr                 (abs)        000000
__size_of_initTimers01            (abs)        000000
__size_of_initialization          (abs)        000000
__size_of_isDigit                 (abs)        000000
__size_of_isdigit                 (abs)        000000
__size_of_lcd_gotoxy              (abs)        000000
__size_of_lcd_init                (abs)        000000
__size_of_lcd_putc                (abs)        000000
__size_of_lcd_puts                (abs)        000000
__size_of_lcd_send_byte           (abs)        000000
__size_of_lcd_send_nibble         (abs)        000000
__size_of_lowIsr                  (abs)        000000
__size_of_main                    (abs)        000000
__size_of_read_byte_no_lib        (abs)        000000
__size_of_reloadTimer0            (abs)        000000
__size_of_send_byte_no_lib        (abs)        000000
__size_of_send_string_no_lib      (abs)        000000
__size_of_setupPorts              (abs)        000000
__size_of_setupSerial             (abs)        000000
__size_of_sprintf                 (abs)        000000
__size_of_updateAlarmDisplay      (abs)        000000
__size_of_updateAlarmStateDisplay (abs)        000000
__size_of_updateClockDisplay      (abs)        000000
__smallconst                      smallconst   001000
_a_flag                           bssBANK0     0000BA
_alarm_enabled                    bssBANK0     0000C5
_alarm_hours                      bssBANK0     0000C8
_alarm_minutes                    bssBANK0     0000C7
_alarm_seconds                    bssBANK0     0000C6
_capital_w_flag                   bssBANK0     0000C0
_delay_cycles                     text27       001BE0
_delay_ms                         text28       001C5C
_disableInterrupts                text20       001D62
_dpowers                          smallconst   001001
_enableInterrupts                 text19       001D5C
_first_digit                      bssBANK0     0000BE
_h_flag                           bssBANK0     0000BD
_highIsr                          intcode      000008
_hours                            bssBANK0     0000CB
_initTimers01                     text18       001C82
_initialization                   text16       001B72
_isDigit                          text15       001CA6
_isdigit                          text5        001CEA
_isdigit$1321                     cstackCOMRAM 000029
_lcd                              (abs)        000F83
_lcd_gotoxy                       text24       001A78
_lcd_init                         text14       001838
_lcd_putc                         text23       001946
_lcd_puts                         text22       0018F0
_lcd_send_byte                    text25       0019EE
_lcd_send_nibble                  text26       001CC8
_lowIsr                           intcodelo    000018
_m_flag                           bssBANK0     0000BC
_main                             text0        001082
_main$551                         cstackBANK0  0000B6
_minutes                          bssBANK0     0000CA
_read_alarm_flag                  bssBANK0     0000C1
_read_byte_no_lib                 text13       001D54
_read_flag                        bssBANK0     0000C2
_read_time_flag                   bssBANK0     0000C3
_reloadTimer0                     text17       001D4A
_s_flag                           bssBANK0     0000BB
_seconds                          bssBANK0     0000C9
_send_byte_no_lib                 text12       001D3A
_send_string_no_lib               text11       00189A
_setupPorts                       text10       001D08
_setupSerial                      text9        001C0E
_small_w_flag                     bssBANK0     0000BF
_sprintf                          text4        001448
_start_recieved                   bssBANK0     0000C4
_toggle_alarm_flag                bssBANK0     0000B9
_updateAlarmDisplay               text3        001AF8
_updateAlarmStateDisplay          text2        001B36
_updateAlarmStateDisplay$648      cstackCOMRAM 000038
_updateClockDisplay               text1        001ABA
btemp                             temp         000055
delay_cycles@n                    cstackCOMRAM 00002B
delay_cycles@x                    cstackCOMRAM 00002C
delay_ms@n                        cstackCOMRAM 000028
delay_ms@x                        cstackCOMRAM 00002A
end_of_initialization             cinit        001BD6
int$flags                         temp         000055
int_func                          intcode_body 001760
intlevel0                         text         000000
intlevel1                         text         000000
intlevel2                         text         000000
intlevel3                         text         000000
isDigit@c                         cstackCOMRAM 00002A
isdigit@c                         cstackCOMRAM 00002A
lcd_gotoxy@address                cstackCOMRAM 000034
lcd_gotoxy@x                      cstackCOMRAM 000033
lcd_gotoxy@y                      cstackCOMRAM 000032
lcd_init@i                        cstackCOMRAM 000032
lcd_putc@c                        cstackCOMRAM 000035
lcd_puts@s                        cstackCOMRAM 000036
lcd_send_byte@cm_data             cstackCOMRAM 000031
lcd_send_byte@n                   cstackCOMRAM 000030
lcd_send_nibble@n                 cstackCOMRAM 00002F
main@alarm_response               cstackBANK0  0000A0
main@c                            cstackBANK0  0000B8
main@time_response                cstackBANK0  0000AD
read_byte_no_lib@c                cstackCOMRAM 000028
send_byte_no_lib@c                cstackCOMRAM 000028
send_string_no_lib@p              cstackCOMRAM 000029
setupSerial@dummy                 cstackCOMRAM 000028
sprintf@ap                        cstackCOMRAM 000048
sprintf@c                         cstackCOMRAM 000050
sprintf@cp                        cstackCOMRAM 00004A
sprintf@f                         cstackCOMRAM 000036
sprintf@flag                      cstackCOMRAM 000044
sprintf@len                       cstackCOMRAM 00004C
sprintf@prec                      cstackCOMRAM 000047
sprintf@sp                        cstackCOMRAM 000034
sprintf@val                       cstackCOMRAM 000045
sprintf@width                     cstackCOMRAM 00004E
stackhi                           (abs)        000F7F
stacklo                           (abs)        0000CC
start                             init         0000C6
start_initialization              cinit        001BAA
updateAlarmDisplay@alarm_string   cstackBANK0  000080
updateClockDisplay@Buffer         cstackBANK0  000080
wtemp6                            temp         000056


FUNCTION INFORMATION:

 *************** function _main *****************
 Defined at:
		line 129 in file "DigitalClock.c"
 Parameters:    Size  Location     Type
		None
 Auto vars:     Size  Location     Type
  alarm_respon   13   32[BANK0 ] unsigned char [13]
  time_respons    9   45[BANK0 ] unsigned char [9]
  c               1   56[BANK0 ] unsigned char 
 Return value:  Size  Location     Type
                  1    wreg      void 
 Registers used:
		wreg, fsr2l, fsr2h, status,2, status,0, tblptrl, tblptrh, tblptru, prodl, prodh, cstack
 Tracked objects:
		On entry : 
		On exit  : 
		Unchanged: 
 Data sizes:     COMRAM   BANK0   BANK1   BANK2   BANK3   BANK4   BANK5   BANK6   BANK7   BANK8   BANK9  BANK10  BANK11  BANK12  BANK13  BANK14  BANK15
      Params:         0       0       0       0       0       0       0       0       0       0       0       0       0       0       0       0       0
      Locals:         0      25       0       0       0       0       0       0       0       0       0       0       0       0       0       0       0
      Temps:          0       0       0       0       0       0       0       0       0       0       0       0       0       0       0       0       0
      Totals:         0      25       0       0       0       0       0       0       0       0       0       0       0       0       0       0       0
Total ram usage:       25 bytes
 Hardware stack levels required when called:    9
 This function calls:
		_DisplayNames
		_disableInterrupts
		_enableInterrupts
		_initTimers01
		_initialization
		_isDigit
		_lcd_init
		_read_byte_no_lib
		_send_string_no_lib
		_setupPorts
		_setupSerial
		_sprintf
		_updateAlarmDisplay
		_updateAlarmStateDisplay
		_updateClockDisplay
 This function is called by:
		Startup code after reset
 This function uses a non-reentrant model


 *************** function _updateClockDisplay *****************
 Defined at:
		line 369 in file "DigitalClock.c"
 Parameters:    Size  Location     Type
		None
 Auto vars:     Size  Location     Type
  Buffer         32    0[BANK0 ] unsigned char [32]
 Return value:  Size  Location     Type
                  1    wreg      void 
 Registers used:
		wreg, fsr2l, fsr2h, status,2, status,0, tblptrl, tblptrh, tblptru, prodl, prodh, cstack
 Tracked objects:
		On entry : 
		On exit  : 
		Unchanged: 
 Data sizes:     COMRAM   BANK0   BANK1   BANK2   BANK3   BANK4   BANK5   BANK6   BANK7   BANK8   BANK9  BANK10  BANK11  BANK12  BANK13  BANK14  BANK15
      Params:         0       0       0       0       0       0       0       0       0       0       0       0       0       0       0       0       0
      Locals:         0      32       0       0       0       0       0       0       0       0       0       0       0       0       0       0       0
      Temps:          0       0       0       0       0       0       0       0       0       0       0       0       0       0       0       0       0
      Totals:         0      32       0       0       0       0       0       0       0       0       0       0       0       0       0       0       0
Total ram usage:       32 bytes
 Hardware stack levels used:    1
 Hardware stack levels required when called:    8
 This function calls:
		_lcd_gotoxy
		_lcd_puts
		_sprintf
 This function is called by:
		_main
 This function uses a non-reentrant model


 *************** function _updateAlarmStateDisplay *****************
 Defined at:
		line 375 in file "DigitalClock.c"
 Parameters:    Size  Location     Type
		None
 Auto vars:     Size  Location     Type
		None
 Return value:  Size  Location     Type
                  1    wreg      void 
 Registers used:
		wreg, fsr2l, fsr2h, status,2, status,0, tblptrl, tblptrh, tblptru, cstack
 Tracked objects:
		On entry : 
		On exit  : 
		Unchanged: 
 Data sizes:     COMRAM   BANK0   BANK1   BANK2   BANK3   BANK4   BANK5   BANK6   BANK7   BANK8   BANK9  BANK10  BANK11  BANK12  BANK13  BANK14  BANK15
      Params:         0       0       0       0       0       0       0       0       0       0       0       0       0       0       0       0       0
      Locals:         2       0       0       0       0       0       0       0       0       0       0       0       0       0       0       0       0
      Temps:          0       0       0       0       0       0       0       0       0       0       0       0       0       0       0       0       0
      Totals:         2       0       0       0       0       0       0       0       0       0       0       0       0       0       0       0       0
Total ram usage:        2 bytes
 Hardware stack levels used:    1
 Hardware stack levels required when called:    8
 This function calls:
		_lcd_gotoxy
		_lcd_puts
 This function is called by:
		_main
 This function uses a non-reentrant model


 *************** function _updateAlarmDisplay *****************
 Defined at:
		line 310 in file "DigitalClock.c"
 Parameters:    Size  Location     Type
		None
 Auto vars:     Size  Location     Type
  alarm_string   17    0[BANK0 ] unsigned char [17]
 Return value:  Size  Location     Type
                  1    wreg      void 
 Registers used:
		wreg, fsr2l, fsr2h, status,2, status,0, tblptrl, tblptrh, tblptru, prodl, prodh, cstack
 Tracked objects:
		On entry : 
		On exit  : 
		Unchanged: 
 Data sizes:     COMRAM   BANK0   BANK1   BANK2   BANK3   BANK4   BANK5   BANK6   BANK7   BANK8   BANK9  BANK10  BANK11  BANK12  BANK13  BANK14  BANK15
      Params:         0       0       0       0       0       0       0       0       0       0       0       0       0       0       0       0       0
      Locals:         0      17       0       0       0       0       0       0       0       0       0       0       0       0       0       0       0
      Temps:          0       0       0       0       0       0       0       0       0       0       0       0       0       0       0       0       0
      Totals:         0      17       0       0       0       0       0       0       0       0       0       0       0       0       0       0       0
Total ram usage:       17 bytes
 Hardware stack levels used:    1
 Hardware stack levels required when called:    8
 This function calls:
		_lcd_gotoxy
		_lcd_puts
		_sprintf
 This function is called by:
		_main
 This function uses a non-reentrant model


 *************** function _sprintf *****************
 Defined at:
		line 492 in file "/opt/microchip/xc8/v1.45/sources/common/doprnt.c"
 Parameters:    Size  Location     Type
  sp              2   51[COMRAM] PTR unsigned char 
		 -> updateClockDisplay@Buffer(32), updateAlarmDisplay@alarm_string(17), main@alarm_response(13), main@time_response(9), 
  f               2   53[COMRAM] PTR const unsigned char 
		 -> STR_7(21), STR_6(22), STR_3(18), STR_2(15), 
 Auto vars:     Size  Location     Type
  tmpval          4    0        struct .
  width           2   77[COMRAM] int 
  len             2   75[COMRAM] unsigned int 
  cp              2   73[COMRAM] PTR const unsigned char 
		 -> STR_12(7), STR_5(4), STR_4(3), 
  ap              2   71[COMRAM] PTR void [1]
		 -> ?_sprintf(2), 
  val             2   68[COMRAM] unsigned int 
  c               1   79[COMRAM] char 
  prec            1   70[COMRAM] char 
  flag            1   67[COMRAM] unsigned char 
 Return value:  Size  Location     Type
                  2   51[COMRAM] int 
 Registers used:
		wreg, fsr2l, fsr2h, status,2, status,0, tblptrl, tblptrh, tblptru, prodl, prodh, cstack
 Tracked objects:
		On entry : 
		On exit  : 
		Unchanged: 
 Data sizes:     COMRAM   BANK0   BANK1   BANK2   BANK3   BANK4   BANK5   BANK6   BANK7   BANK8   BANK9  BANK10  BANK11  BANK12  BANK13  BANK14  BANK15
      Params:        12       0       0       0       0       0       0       0       0       0       0       0       0       0       0       0       0
      Locals:        13       0       0       0       0       0       0       0       0       0       0       0       0       0       0       0       0
      Temps:          4       0       0       0       0       0       0       0       0       0       0       0       0       0       0       0       0
      Totals:        29       0       0       0       0       0       0       0       0       0       0       0       0       0       0       0       0
Total ram usage:       29 bytes
 Hardware stack levels used:    1
 Hardware stack levels required when called:    3
 This function calls:
		___lwdiv
		___lwmod
		___wmul
		_isdigit
 This function is called by:
		_main
		_updateAlarmDisplay
		_updateClockDisplay
 This function uses a non-reentrant model


 *************** function _isdigit *****************
 Defined at:
		line 8 in file "/opt/microchip/xc8/v1.45/sources/common/isdigit.c"
 Parameters:    Size  Location     Type
  c               1    wreg     unsigned char 
 Auto vars:     Size  Location     Type
  c               1   41[COMRAM] unsigned char 
 Return value:  Size  Location     Type
		None               void
 Registers used:
		wreg, status,2, status,0
 Tracked objects:
		On entry : 
		On exit  : 
		Unchanged: 
 Data sizes:     COMRAM   BANK0   BANK1   BANK2   BANK3   BANK4   BANK5   BANK6   BANK7   BANK8   BANK9  BANK10  BANK11  BANK12  BANK13  BANK14  BANK15
      Params:         0       0       0       0       0       0       0       0       0       0       0       0       0       0       0       0       0
      Locals:         2       0       0       0       0       0       0       0       0       0       0       0       0       0       0       0       0
      Temps:          1       0       0       0       0       0       0       0       0       0       0       0       0       0       0       0       0
      Totals:         3       0       0       0       0       0       0       0       0       0       0       0       0       0       0       0       0
Total ram usage:        3 bytes
 Hardware stack levels used:    1
 Hardware stack levels required when called:    2
 This function calls:
		Nothing
 This function is called by:
		_sprintf
 This function uses a non-reentrant model


 *************** function ___wmul *****************
 Defined at:
		line 15 in file "/opt/microchip/xc8/v1.45/sources/common/Umul16.c"
 Parameters:    Size  Location     Type
  multiplier      2   39[COMRAM] unsigned int 
  multiplicand    2   41[COMRAM] unsigned int 
 Auto vars:     Size  Location     Type
  product         2   43[COMRAM] unsigned int 
 Return value:  Size  Location     Type
                  2   39[COMRAM] unsigned int 
 Registers used:
		wreg, status,2, status,0, prodl, prodh
 Tracked objects:
		On entry : 
		On exit  : 
		Unchanged: 
 Data sizes:     COMRAM   BANK0   BANK1   BANK2   BANK3   BANK4   BANK5   BANK6   BANK7   BANK8   BANK9  BANK10  BANK11  BANK12  BANK13  BANK14  BANK15
      Params:         4       0       0       0       0       0       0       0       0       0       0       0       0       0       0       0       0
      Locals:         2       0       0       0       0       0       0       0       0       0       0       0       0       0       0       0       0
      Temps:          0       0       0       0       0       0       0       0       0       0       0       0       0       0       0       0       0
      Totals:         6       0       0       0       0       0       0       0       0       0       0       0       0       0       0       0       0
Total ram usage:        6 bytes
 Hardware stack levels used:    1
 Hardware stack levels required when called:    2
 This function calls:
		Nothing
 This function is called by:
		_sprintf
 This function uses a non-reentrant model


 *************** function ___lwmod *****************
 Defined at:
		line 8 in file "/opt/microchip/xc8/v1.45/sources/common/lwmod.c"
 Parameters:    Size  Location     Type
  dividend        2   46[COMRAM] unsigned int 
  divisor         2   48[COMRAM] unsigned int 
 Auto vars:     Size  Location     Type
  counter         1   50[COMRAM] unsigned char 
 Return value:  Size  Location     Type
                  2   46[COMRAM] unsigned int 
 Registers used:
		wreg, status,2, status,0
 Tracked objects:
		On entry : 
		On exit  : 
		Unchanged: 
 Data sizes:     COMRAM   BANK0   BANK1   BANK2   BANK3   BANK4   BANK5   BANK6   BANK7   BANK8   BANK9  BANK10  BANK11  BANK12  BANK13  BANK14  BANK15
      Params:         4       0       0       0       0       0       0       0       0       0       0       0       0       0       0       0       0
      Locals:         1       0       0       0       0       0       0       0       0       0       0       0       0       0       0       0       0
      Temps:          0       0       0       0       0       0       0       0       0       0       0       0       0       0       0       0       0
      Totals:         5       0       0       0       0       0       0       0       0       0       0       0       0       0       0       0       0
Total ram usage:        5 bytes
 Hardware stack levels used:    1
 Hardware stack levels required when called:    2
 This function calls:
		Nothing
 This function is called by:
		_sprintf
 This function uses a non-reentrant model


 *************** function ___lwdiv *****************
 Defined at:
		line 8 in file "/opt/microchip/xc8/v1.45/sources/common/lwdiv.c"
 Parameters:    Size  Location     Type
  dividend        2   39[COMRAM] unsigned int 
  divisor         2   41[COMRAM] unsigned int 
 Auto vars:     Size  Location     Type
  quotient        2   43[COMRAM] unsigned int 
  counter         1   45[COMRAM] unsigned char 
 Return value:  Size  Location     Type
                  2   39[COMRAM] unsigned int 
 Registers used:
		wreg, status,2, status,0
 Tracked objects:
		On entry : 
		On exit  : 
		Unchanged: 
 Data sizes:     COMRAM   BANK0   BANK1   BANK2   BANK3   BANK4   BANK5   BANK6   BANK7   BANK8   BANK9  BANK10  BANK11  BANK12  BANK13  BANK14  BANK15
      Params:         4       0       0       0       0       0       0       0       0       0       0       0       0       0       0       0       0
      Locals:         3       0       0       0       0       0       0       0       0       0       0       0       0       0       0       0       0
      Temps:          0       0       0       0       0       0       0       0       0       0       0       0       0       0       0       0       0
      Totals:         7       0       0       0       0       0       0       0       0       0       0       0       0       0       0       0       0
Total ram usage:        7 bytes
 Hardware stack levels used:    1
 Hardware stack levels required when called:    2
 This function calls:
		Nothing
 This function is called by:
		_sprintf
 This function uses a non-reentrant model


 *************** function _setupSerial *****************
 Defined at:
		line 9 in file "Serial.c"
 Parameters:    Size  Location     Type
		None
 Auto vars:     Size  Location     Type
  dummy           1   39[COMRAM] unsigned char 
 Return value:  Size  Location     Type
                  1    wreg      void 
 Registers used:
		wreg, status,2
 Tracked objects:
		On entry : 
		On exit  : 
		Unchanged: 
 Data sizes:     COMRAM   BANK0   BANK1   BANK2   BANK3   BANK4   BANK5   BANK6   BANK7   BANK8   BANK9  BANK10  BANK11  BANK12  BANK13  BANK14  BANK15
      Params:         0       0       0       0       0       0       0       0       0       0       0       0       0       0       0       0       0
      Locals:         1       0       0       0       0       0       0       0       0       0       0       0       0       0       0       0       0
      Temps:          0       0       0       0       0       0       0       0       0       0       0       0       0       0       0       0       0
      Totals:         1       0       0       0       0       0       0       0       0       0       0       0       0       0       0       0       0
Total ram usage:        1 bytes
 Hardware stack levels used:    1
 Hardware stack levels required when called:    2
 This function calls:
		Nothing
 This function is called by:
		_main
 This function uses a non-reentrant model


 *************** function _setupPorts *****************
 Defined at:
		line 297 in file "DigitalClock.c"
 Parameters:    Size  Location     Type
		None
 Auto vars:     Size  Location     Type
		None
 Return value:  Size  Location     Type
                  1    wreg      void 
 Registers used:
		wreg, status,2
 Tracked objects:
		On entry : 
		On exit  : 
		Unchanged: 
 Data sizes:     COMRAM   BANK0   BANK1   BANK2   BANK3   BANK4   BANK5   BANK6   BANK7   BANK8   BANK9  BANK10  BANK11  BANK12  BANK13  BANK14  BANK15
      Params:         0       0       0       0       0       0       0       0       0       0       0       0       0       0       0       0       0
      Locals:         0       0       0       0       0       0       0       0       0       0       0       0       0       0       0       0       0
      Temps:          0       0       0       0       0       0       0       0       0       0       0       0       0       0       0       0       0
      Totals:         0       0       0       0       0       0       0       0       0       0       0       0       0       0       0       0       0
Total ram usage:        0 bytes
 Hardware stack levels used:    1
 Hardware stack levels required when called:    2
 This function calls:
		Nothing
 This function is called by:
		_main
 This function uses a non-reentrant model


 *************** function _send_string_no_lib *****************
 Defined at:
		line 80 in file "Serial.c"
 Parameters:    Size  Location     Type
  p               2   40[COMRAM] PTR unsigned char 
		 -> main@alarm_response(13), main@time_response(9), STR_1(7), 
 Auto vars:     Size  Location     Type
		None
 Return value:  Size  Location     Type
                  1    wreg      void 
 Registers used:
		wreg, fsr2l, fsr2h, status,2, status,0, tblptrl, tblptrh, tblptru, cstack
 Tracked objects:
		On entry : 
		On exit  : 
		Unchanged: 
 Data sizes:     COMRAM   BANK0   BANK1   BANK2   BANK3   BANK4   BANK5   BANK6   BANK7   BANK8   BANK9  BANK10  BANK11  BANK12  BANK13  BANK14  BANK15
      Params:         2       0       0       0       0       0       0       0       0       0       0       0       0       0       0       0       0
      Locals:         0       0       0       0       0       0       0       0       0       0       0       0       0       0       0       0       0
      Temps:          0       0       0       0       0       0       0       0       0       0       0       0       0       0       0       0       0
      Totals:         2       0       0       0       0       0       0       0       0       0       0       0       0       0       0       0       0
Total ram usage:        2 bytes
 Hardware stack levels used:    1
 Hardware stack levels required when called:    3
 This function calls:
		_send_byte_no_lib
 This function is called by:
		_main
 This function uses a non-reentrant model


 *************** function _send_byte_no_lib *****************
 Defined at:
		line 72 in file "Serial.c"
 Parameters:    Size  Location     Type
  c               1    wreg     unsigned char 
 Auto vars:     Size  Location     Type
  c               1   39[COMRAM] unsigned char 
 Return value:  Size  Location     Type
                  1    wreg      void 
 Registers used:
		wreg
 Tracked objects:
		On entry : 
		On exit  : 
		Unchanged: 
 Data sizes:     COMRAM   BANK0   BANK1   BANK2   BANK3   BANK4   BANK5   BANK6   BANK7   BANK8   BANK9  BANK10  BANK11  BANK12  BANK13  BANK14  BANK15
      Params:         0       0       0       0       0       0       0       0       0       0       0       0       0       0       0       0       0
      Locals:         1       0       0       0       0       0       0       0       0       0       0       0       0       0       0       0       0
      Temps:          0       0       0       0       0       0       0       0       0       0       0       0       0       0       0       0       0
      Totals:         1       0       0       0       0       0       0       0       0       0       0       0       0       0       0       0       0
Total ram usage:        1 bytes
 Hardware stack levels used:    1
 Hardware stack levels required when called:    2
 This function calls:
		Nothing
 This function is called by:
		_send_string_no_lib
 This function uses a non-reentrant model


 *************** function _read_byte_no_lib *****************
 Defined at:
		line 66 in file "Serial.c"
 Parameters:    Size  Location     Type
		None
 Auto vars:     Size  Location     Type
  c               1   39[COMRAM] unsigned char 
 Return value:  Size  Location     Type
                  1    wreg      unsigned char 
 Registers used:
		wreg, status,2
 Tracked objects:
		On entry : 
		On exit  : 
		Unchanged: 
 Data sizes:     COMRAM   BANK0   BANK1   BANK2   BANK3   BANK4   BANK5   BANK6   BANK7   BANK8   BANK9  BANK10  BANK11  BANK12  BANK13  BANK14  BANK15
      Params:         0       0       0       0       0       0       0       0       0       0       0       0       0       0       0       0       0
      Locals:         1       0       0       0       0       0       0       0       0       0       0       0       0       0       0       0       0
      Temps:          0       0       0       0       0       0       0       0       0       0       0       0       0       0       0       0       0
      Totals:         1       0       0       0       0       0       0       0       0       0       0       0       0       0       0       0       0
Total ram usage:        1 bytes
 Hardware stack levels used:    1
 Hardware stack levels required when called:    2
 This function calls:
		Nothing
 This function is called by:
		_main
 This function uses a non-reentrant model


 *************** function _lcd_init *****************
 Defined at:
		line 63 in file "Lcd.c"
 Parameters:    Size  Location     Type
		None
 Auto vars:     Size  Location     Type
  i               1   49[COMRAM] unsigned char 
 Return value:  Size  Location     Type
                  1    wreg      void 
 Registers used:
		wreg, fsr2l, fsr2h, status,2, status,0, prodl, prodh, cstack
 Tracked objects:
		On entry : 
		On exit  : 
		Unchanged: 
 Data sizes:     COMRAM   BANK0   BANK1   BANK2   BANK3   BANK4   BANK5   BANK6   BANK7   BANK8   BANK9  BANK10  BANK11  BANK12  BANK13  BANK14  BANK15
      Params:         0       0       0       0       0       0       0       0       0       0       0       0       0       0       0       0       0
      Locals:         1       0       0       0       0       0       0       0       0       0       0       0       0       0       0       0       0
      Temps:          0       0       0       0       0       0       0       0       0       0       0       0       0       0       0       0       0
      Totals:         1       0       0       0       0       0       0       0       0       0       0       0       0       0       0       0       0
Total ram usage:        1 bytes
 Hardware stack levels used:    1
 Hardware stack levels required when called:    5
 This function calls:
		_delay_ms
		_lcd_send_byte
		_lcd_send_nibble
 This function is called by:
		_main
 This function uses a non-reentrant model


 *************** function _isDigit *****************
 Defined at:
		line 393 in file "DigitalClock.c"
 Parameters:    Size  Location     Type
  c               1    wreg     unsigned char 
 Auto vars:     Size  Location     Type
  c               1   41[COMRAM] unsigned char 
 Return value:  Size  Location     Type
                  2   39[COMRAM] int 
 Registers used:
		wreg, status,2, status,0
 Tracked objects:
		On entry : 
		On exit  : 
		Unchanged: 
 Data sizes:     COMRAM   BANK0   BANK1   BANK2   BANK3   BANK4   BANK5   BANK6   BANK7   BANK8   BANK9  BANK10  BANK11  BANK12  BANK13  BANK14  BANK15
      Params:         2       0       0       0       0       0       0       0       0       0       0       0       0       0       0       0       0
      Locals:         1       0       0       0       0       0       0       0       0       0       0       0       0       0       0       0       0
      Temps:          0       0       0       0       0       0       0       0       0       0       0       0       0       0       0       0       0
      Totals:         3       0       0       0       0       0       0       0       0       0       0       0       0       0       0       0       0
Total ram usage:        3 bytes
 Hardware stack levels used:    1
 Hardware stack levels required when called:    2
 This function calls:
		Nothing
 This function is called by:
		_main
 This function uses a non-reentrant model


 *************** function _initialization *****************
 Defined at:
		line 345 in file "DigitalClock.c"
 Parameters:    Size  Location     Type
		None
 Auto vars:     Size  Location     Type
		None
 Return value:  Size  Location     Type
                  1    wreg      void 
 Registers used:
		wreg, status,2, cstack
 Tracked objects:
		On entry : 
		On exit  : 
		Unchanged: 
 Data sizes:     COMRAM   BANK0   BANK1   BANK2   BANK3   BANK4   BANK5   BANK6   BANK7   BANK8   BANK9  BANK10  BANK11  BANK12  BANK13  BANK14  BANK15
      Params:         0       0       0       0       0       0       0       0       0       0       0       0       0       0       0       0       0
      Locals:         0       0       0       0       0       0       0       0       0       0       0       0       0       0       0       0       0
      Temps:          0       0       0       0       0       0       0       0       0       0       0       0       0       0       0       0       0
      Totals:         0       0       0       0       0       0       0       0       0       0       0       0       0       0       0       0       0
Total ram usage:        0 bytes
 Hardware stack levels used:    1
 Hardware stack levels required when called:    3
 This function calls:
		_reloadTimer0
 This function is called by:
		_main
 This function uses a non-reentrant model


 *************** function _reloadTimer0 *****************
 Defined at:
		line 319 in file "DigitalClock.c"
 Parameters:    Size  Location     Type
		None
 Auto vars:     Size  Location     Type
		None
 Return value:  Size  Location     Type
                  1    wreg      void 
 Registers used:
		wreg, status,2
 Tracked objects:
		On entry : 
		On exit  : 
		Unchanged: 
 Data sizes:     COMRAM   BANK0   BANK1   BANK2   BANK3   BANK4   BANK5   BANK6   BANK7   BANK8   BANK9  BANK10  BANK11  BANK12  BANK13  BANK14  BANK15
      Params:         0       0       0       0       0       0       0       0       0       0       0       0       0       0       0       0       0
      Locals:         0       0       0       0       0       0       0       0       0       0       0       0       0       0       0       0       0
      Temps:          0       0       0       0       0       0       0       0       0       0       0       0       0       0       0       0       0
      Totals:         0       0       0       0       0       0       0       0       0       0       0       0       0       0       0       0       0
Total ram usage:        0 bytes
 Hardware stack levels used:    1
 Hardware stack levels required when called:    2
 This function calls:
		Nothing
 This function is called by:
		_initialization
 This function uses a non-reentrant model


 *************** function _initTimers01 *****************
 Defined at:
		line 326 in file "DigitalClock.c"
 Parameters:    Size  Location     Type
		None
 Auto vars:     Size  Location     Type
		None
 Return value:  Size  Location     Type
                  1    wreg      void 
 Registers used:
		wreg, status,2
 Tracked objects:
		On entry : 
		On exit  : 
		Unchanged: 
 Data sizes:     COMRAM   BANK0   BANK1   BANK2   BANK3   BANK4   BANK5   BANK6   BANK7   BANK8   BANK9  BANK10  BANK11  BANK12  BANK13  BANK14  BANK15
      Params:         0       0       0       0       0       0       0       0       0       0       0       0       0       0       0       0       0
      Locals:         0       0       0       0       0       0       0       0       0       0       0       0       0       0       0       0       0
      Temps:          0       0       0       0       0       0       0       0       0       0       0       0       0       0       0       0       0
      Totals:         0       0       0       0       0       0       0       0       0       0       0       0       0       0       0       0       0
Total ram usage:        0 bytes
 Hardware stack levels used:    1
 Hardware stack levels required when called:    2
 This function calls:
		Nothing
 This function is called by:
		_main
 This function uses a non-reentrant model


 *************** function _enableInterrupts *****************
 Defined at:
		line 124 in file "DigitalClock.c"
 Parameters:    Size  Location     Type
		None
 Auto vars:     Size  Location     Type
		None
 Return value:  Size  Location     Type
                  1    wreg      void 
 Registers used:
		None
 Tracked objects:
		On entry : 
		On exit  : 
		Unchanged: 
 Data sizes:     COMRAM   BANK0   BANK1   BANK2   BANK3   BANK4   BANK5   BANK6   BANK7   BANK8   BANK9  BANK10  BANK11  BANK12  BANK13  BANK14  BANK15
      Params:         0       0       0       0       0       0       0       0       0       0       0       0       0       0       0       0       0
      Locals:         0       0       0       0       0       0       0       0       0       0       0       0       0       0       0       0       0
      Temps:          0       0       0       0       0       0       0       0       0       0       0       0       0       0       0       0       0
      Totals:         0       0       0       0       0       0       0       0       0       0       0       0       0       0       0       0       0
Total ram usage:        0 bytes
 Hardware stack levels used:    1
 Hardware stack levels required when called:    2
 This function calls:
		Nothing
 This function is called by:
		_main
 This function uses a non-reentrant model


 *************** function _disableInterrupts *****************
 Defined at:
		line 119 in file "DigitalClock.c"
 Parameters:    Size  Location     Type
		None
 Auto vars:     Size  Location     Type
		None
 Return value:  Size  Location     Type
                  1    wreg      void 
 Registers used:
		None
 Tracked objects:
		On entry : 
		On exit  : 
		Unchanged: 
 Data sizes:     COMRAM   BANK0   BANK1   BANK2   BANK3   BANK4   BANK5   BANK6   BANK7   BANK8   BANK9  BANK10  BANK11  BANK12  BANK13  BANK14  BANK15
      Params:         0       0       0       0       0       0       0       0       0       0       0       0       0       0       0       0       0
      Locals:         0       0       0       0       0       0       0       0       0       0       0       0       0       0       0       0       0
      Temps:          0       0       0       0       0       0       0       0       0       0       0       0       0       0       0       0       0
      Totals:         0       0       0       0       0       0       0       0       0       0       0       0       0       0       0       0       0
Total ram usage:        0 bytes
 Hardware stack levels used:    1
 Hardware stack levels required when called:    2
 This function calls:
		Nothing
 This function is called by:
		_main
 This function uses a non-reentrant model


 *************** function _DisplayNames *****************
 Defined at:
		line 381 in file "DigitalClock.c"
 Parameters:    Size  Location     Type
		None
 Auto vars:     Size  Location     Type
		None
 Return value:  Size  Location     Type
                  1    wreg      void 
 Registers used:
		wreg, fsr2l, fsr2h, status,2, status,0, tblptrl, tblptrh, tblptru, cstack
 Tracked objects:
		On entry : 
		On exit  : 
		Unchanged: 
 Data sizes:     COMRAM   BANK0   BANK1   BANK2   BANK3   BANK4   BANK5   BANK6   BANK7   BANK8   BANK9  BANK10  BANK11  BANK12  BANK13  BANK14  BANK15
      Params:         0       0       0       0       0       0       0       0       0       0       0       0       0       0       0       0       0
      Locals:         0       0       0       0       0       0       0       0       0       0       0       0       0       0       0       0       0
      Temps:          0       0       0       0       0       0       0       0       0       0       0       0       0       0       0       0       0
      Totals:         0       0       0       0       0       0       0       0       0       0       0       0       0       0       0       0       0
Total ram usage:        0 bytes
 Hardware stack levels used:    1
 Hardware stack levels required when called:    8
 This function calls:
		_lcd_gotoxy
		_lcd_puts
 This function is called by:
		_main
 This function uses a non-reentrant model


 *************** function _lcd_puts *****************
 Defined at:
		line 127 in file "Lcd.c"
 Parameters:    Size  Location     Type
  s               2   53[COMRAM] PTR unsigned char 
		 -> STR_11(17), STR_10(4), STR_9(4), STR_8(14), 
		 -> updateClockDisplay@Buffer(32), updateAlarmDisplay@alarm_string(17), 
 Auto vars:     Size  Location     Type
		None
 Return value:  Size  Location     Type
                  1    wreg      void 
 Registers used:
		wreg, fsr2l, fsr2h, status,2, status,0, tblptrl, tblptrh, tblptru, cstack
 Tracked objects:
		On entry : 
		On exit  : 
		Unchanged: 
 Data sizes:     COMRAM   BANK0   BANK1   BANK2   BANK3   BANK4   BANK5   BANK6   BANK7   BANK8   BANK9  BANK10  BANK11  BANK12  BANK13  BANK14  BANK15
      Params:         2       0       0       0       0       0       0       0       0       0       0       0       0       0       0       0       0
      Locals:         0       0       0       0       0       0       0       0       0       0       0       0       0       0       0       0       0
      Temps:          0       0       0       0       0       0       0       0       0       0       0       0       0       0       0       0       0
      Totals:         2       0       0       0       0       0       0       0       0       0       0       0       0       0       0       0       0
Total ram usage:        2 bytes
 Hardware stack levels used:    1
 Hardware stack levels required when called:    7
 This function calls:
		_lcd_putc
 This function is called by:
		_updateAlarmDisplay
		_updateClockDisplay
		_updateAlarmStateDisplay
		_DisplayNames
 This function uses a non-reentrant model


 *************** function _lcd_putc *****************
 Defined at:
		line 113 in file "Lcd.c"
 Parameters:    Size  Location     Type
  c               1    wreg     unsigned char 
 Auto vars:     Size  Location     Type
  c               1   52[COMRAM] unsigned char 
 Return value:  Size  Location     Type
                  1    wreg      void 
 Registers used:
		wreg, status,2, status,0, cstack
 Tracked objects:
		On entry : 
		On exit  : 
		Unchanged: 
 Data sizes:     COMRAM   BANK0   BANK1   BANK2   BANK3   BANK4   BANK5   BANK6   BANK7   BANK8   BANK9  BANK10  BANK11  BANK12  BANK13  BANK14  BANK15
      Params:         0       0       0       0       0       0       0       0       0       0       0       0       0       0       0       0       0
      Locals:         1       0       0       0       0       0       0       0       0       0       0       0       0       0       0       0       0
      Temps:          0       0       0       0       0       0       0       0       0       0       0       0       0       0       0       0       0
      Totals:         1       0       0       0       0       0       0       0       0       0       0       0       0       0       0       0       0
Total ram usage:        1 bytes
 Hardware stack levels used:    1
 Hardware stack levels required when called:    6
 This function calls:
		_delay_ms
		_lcd_gotoxy
		_lcd_send_byte
 This function is called by:
		_lcd_puts
 This function uses a non-reentrant model


 *************** function _lcd_gotoxy *****************
 Defined at:
		line 96 in file "Lcd.c"
 Parameters:    Size  Location     Type
  x               1    wreg     unsigned char 
  y               1   49[COMRAM] unsigned char 
 Auto vars:     Size  Location     Type
  x               1   50[COMRAM] unsigned char 
  address         1   51[COMRAM] unsigned char 
 Return value:  Size  Location     Type
                  1    wreg      void 
 Registers used:
		wreg, status,2, status,0, cstack
 Tracked objects:
		On entry : 
		On exit  : 
		Unchanged: 
 Data sizes:     COMRAM   BANK0   BANK1   BANK2   BANK3   BANK4   BANK5   BANK6   BANK7   BANK8   BANK9  BANK10  BANK11  BANK12  BANK13  BANK14  BANK15
      Params:         1       0       0       0       0       0       0       0       0       0       0       0       0       0       0       0       0
      Locals:         2       0       0       0       0       0       0       0       0       0       0       0       0       0       0       0       0
      Temps:          0       0       0       0       0       0       0       0       0       0       0       0       0       0       0       0       0
      Totals:         3       0       0       0       0       0       0       0       0       0       0       0       0       0       0       0       0
Total ram usage:        3 bytes
 Hardware stack levels used:    1
 Hardware stack levels required when called:    5
 This function calls:
		_lcd_send_byte
 This function is called by:
		_updateAlarmDisplay
		_updateClockDisplay
		_updateAlarmStateDisplay
		_DisplayNames
		_lcd_putc
 This function uses a non-reentrant model


 *************** function _lcd_send_byte *****************
 Defined at:
		line 46 in file "Lcd.c"
 Parameters:    Size  Location     Type
  cm_data         1    wreg     unsigned char 
  n               1   47[COMRAM] unsigned char 
 Auto vars:     Size  Location     Type
  cm_data         1   48[COMRAM] unsigned char 
 Return value:  Size  Location     Type
                  1    wreg      void 
 Registers used:
		wreg, status,2, status,0, cstack
 Tracked objects:
		On entry : 
		On exit  : 
		Unchanged: 
 Data sizes:     COMRAM   BANK0   BANK1   BANK2   BANK3   BANK4   BANK5   BANK6   BANK7   BANK8   BANK9  BANK10  BANK11  BANK12  BANK13  BANK14  BANK15
      Params:         1       0       0       0       0       0       0       0       0       0       0       0       0       0       0       0       0
      Locals:         1       0       0       0       0       0       0       0       0       0       0       0       0       0       0       0       0
      Temps:          0       0       0       0       0       0       0       0       0       0       0       0       0       0       0       0       0
      Totals:         2       0       0       0       0       0       0       0       0       0       0       0       0       0       0       0       0
Total ram usage:        2 bytes
 Hardware stack levels used:    1
 Hardware stack levels required when called:    4
 This function calls:
		_delay_cycles
		_delay_ms
		_lcd_send_nibble
 This function is called by:
		_lcd_init
		_lcd_gotoxy
		_lcd_putc
		_Lcd_Shift_Right
		_Lcd_Shift_Left
 This function uses a non-reentrant model


 *************** function _lcd_send_nibble *****************
 Defined at:
		line 36 in file "Lcd.c"
 Parameters:    Size  Location     Type
  n               1    wreg     unsigned char 
 Auto vars:     Size  Location     Type
  n               1   46[COMRAM] unsigned char 
 Return value:  Size  Location     Type
                  1    wreg      void 
 Registers used:
		wreg, status,2, status,0, cstack
 Tracked objects:
		On entry : 
		On exit  : 
		Unchanged: 
 Data sizes:     COMRAM   BANK0   BANK1   BANK2   BANK3   BANK4   BANK5   BANK6   BANK7   BANK8   BANK9  BANK10  BANK11  BANK12  BANK13  BANK14  BANK15
      Params:         0       0       0       0       0       0       0       0       0       0       0       0       0       0       0       0       0
      Locals:         1       0       0       0       0       0       0       0       0       0       0       0       0       0       0       0       0
      Temps:          1       0       0       0       0       0       0       0       0       0       0       0       0       0       0       0       0
      Totals:         2       0       0       0       0       0       0       0       0       0       0       0       0       0       0       0       0
Total ram usage:        2 bytes
 Hardware stack levels used:    1
 Hardware stack levels required when called:    3
 This function calls:
		_delay_cycles
 This function is called by:
		_lcd_send_byte
		_lcd_init
 This function uses a non-reentrant model


 *************** function _delay_cycles *****************
 Defined at:
		line 27 in file "Lcd.c"
 Parameters:    Size  Location     Type
  n               1    wreg     unsigned char 
 Auto vars:     Size  Location     Type
  n               1   42[COMRAM] unsigned char 
  x               2   43[COMRAM] int 
 Return value:  Size  Location     Type
                  1    wreg      void 
 Registers used:
		wreg, status,2, status,0
 Tracked objects:
		On entry : 
		On exit  : 
		Unchanged: 
 Data sizes:     COMRAM   BANK0   BANK1   BANK2   BANK3   BANK4   BANK5   BANK6   BANK7   BANK8   BANK9  BANK10  BANK11  BANK12  BANK13  BANK14  BANK15
      Params:         0       0       0       0       0       0       0       0       0       0       0       0       0       0       0       0       0
      Locals:         3       0       0       0       0       0       0       0       0       0       0       0       0       0       0       0       0
      Temps:          3       0       0       0       0       0       0       0       0       0       0       0       0       0       0       0       0
      Totals:         6       0       0       0       0       0       0       0       0       0       0       0       0       0       0       0       0
Total ram usage:        6 bytes
 Hardware stack levels used:    1
 Hardware stack levels required when called:    2
 This function calls:
		Nothing
 This function is called by:
		_lcd_send_nibble
		_lcd_send_byte
 This function uses a non-reentrant model


 *************** function _delay_ms *****************
 Defined at:
		line 19 in file "Lcd.c"
 Parameters:    Size  Location     Type
  n               2   39[COMRAM] unsigned int 
 Auto vars:     Size  Location     Type
  x               2   41[COMRAM] int 
 Return value:  Size  Location     Type
                  1    wreg      void 
 Registers used:
		wreg, status,2, status,0
 Tracked objects:
		On entry : 
		On exit  : 
		Unchanged: 
 Data sizes:     COMRAM   BANK0   BANK1   BANK2   BANK3   BANK4   BANK5   BANK6   BANK7   BANK8   BANK9  BANK10  BANK11  BANK12  BANK13  BANK14  BANK15
      Params:         2       0       0       0       0       0       0       0       0       0       0       0       0       0       0       0       0
      Locals:         2       0       0       0       0       0       0       0       0       0       0       0       0       0       0       0       0
      Temps:          0       0       0       0       0       0       0       0       0       0       0       0       0       0       0       0       0
      Totals:         4       0       0       0       0       0       0       0       0       0       0       0       0       0       0       0       0
Total ram usage:        4 bytes
 Hardware stack levels used:    1
 Hardware stack levels required when called:    2
 This function calls:
		Nothing
 This function is called by:
		_lcd_send_byte
		_lcd_init
		_lcd_putc
 This function uses a non-reentrant model


 *************** function _lowIsr *****************
 Defined at:
		line 430 in file "DigitalClock.c"
 Parameters:    Size  Location     Type
		None
 Auto vars:     Size  Location     Type
		None
 Return value:  Size  Location     Type
                  1    wreg      void 
 Registers used:
		None
 Tracked objects:
		On entry : 
		On exit  : 
		Unchanged: 
 Data sizes:     COMRAM   BANK0   BANK1   BANK2   BANK3   BANK4   BANK5   BANK6   BANK7   BANK8   BANK9  BANK10  BANK11  BANK12  BANK13  BANK14  BANK15
      Params:         0       0       0       0       0       0       0       0       0       0       0       0       0       0       0       0       0
      Locals:         0       0       0       0       0       0       0       0       0       0       0       0       0       0       0       0       0
      Temps:         21       0       0       0       0       0       0       0       0       0       0       0       0       0       0       0       0
      Totals:        21       0       0       0       0       0       0       0       0       0       0       0       0       0       0       0       0
Total ram usage:       21 bytes
 Hardware stack levels used:    1
 Hardware stack levels required when called:    1
 This function calls:
		Nothing
 This function is called by:
		Interrupt level 1
 This function uses a non-reentrant model


 *************** function _highIsr *****************
 Defined at:
		line 400 in file "DigitalClock.c"
 Parameters:    Size  Location     Type
		None
 Auto vars:     Size  Location     Type
		None
 Return value:  Size  Location     Type
                  1    wreg      void 
 Registers used:
		wreg, status,2, status,0
 Tracked objects:
		On entry : 
		On exit  : 
		Unchanged: 
 Data sizes:     COMRAM   BANK0   BANK1   BANK2   BANK3   BANK4   BANK5   BANK6   BANK7   BANK8   BANK9  BANK10  BANK11  BANK12  BANK13  BANK14  BANK15
      Params:         0       0       0       0       0       0       0       0       0       0       0       0       0       0       0       0       0
      Locals:         0       0       0       0       0       0       0       0       0       0       0       0       0       0       0       0       0
      Temps:         18       0       0       0       0       0       0       0       0       0       0       0       0       0       0       0       0
      Totals:        18       0       0       0       0       0       0       0       0       0       0       0       0       0       0       0       0
Total ram usage:       18 bytes
 Hardware stack levels used:    1
 This function calls:
		Nothing
 This function is called by:
		Interrupt level 2
 This function uses a non-reentrant model



MODULE INFORMATION

Module		Function		Class		Link	Load	Size
Serial.c
		_send_byte_no_lib		CODE           	1D3A	0000	17
		_read_byte_no_lib		CODE           	1D54	0000	9
		_setupSerial   		CODE           	1C0E	0000	41
		_send_string_no_lib		CODE           	189A	0000	87

Serial.c estimated size: 154

/opt/microchip/xc8/v1.45/sources/common/lwmod.c
		___lwmod       		CODE           	1A36	0000	67

/opt/microchip/xc8/v1.45/sources/common/lwmod.c estimated size: 67

/opt/microchip/xc8/v1.45/sources/common/isdigit.c
		_isdigit       		CODE           	1CEA	0000	31

/opt/microchip/xc8/v1.45/sources/common/isdigit.c estimated size: 31

shared
		_dpowers       		SMALLCONST     	1001	0000	11
		__initialization		CODE           	1BAA	0000	45

shared estimated size: 56

/opt/microchip/xc8/v1.45/sources/common/lwdiv.c
		___lwdiv       		CODE           	199C	0000	83

/opt/microchip/xc8/v1.45/sources/common/lwdiv.c estimated size: 83

/opt/microchip/xc8/v1.45/sources/common/doprnt.c
		_sprintf       		CODE           	1448	0000	793

/opt/microchip/xc8/v1.45/sources/common/doprnt.c estimated size: 793

DigitalClock.c
		_lowIsr        		CODE           	0018	0000	175
		_initialization		CODE           	1B72	0000	57
		_isDigit       		CODE           	1CA6	0000	35
		_main          		CODE           	1082	0000	967
		_highIsr       		CODE           	0008	0000	223
		_reloadTimer0  		CODE           	1D4A	0000	11
		_updateAlarmDisplay		CODE           	1AF8	0000	63
		_disableInterrupts		CODE           	1D62	0000	7
		_initTimers01  		CODE           	1C82	0000	37
		_updateAlarmStateDisplay		CODE           	1B36	0000	61
		_setupPorts    		CODE           	1D08	0000	27
		_enableInterrupts		CODE           	1D5C	0000	7
		_DisplayNames  		CODE           	1D22	0000	25
		_updateClockDisplay		CODE           	1ABA	0000	63

DigitalClock.c estimated size: 1758

/opt/microchip/xc8/v1.45/sources/common/Umul16.c
		___wmul        		CODE           	1C36	0000	39

/opt/microchip/xc8/v1.45/sources/common/Umul16.c estimated size: 39

Lcd.c
		_lcd_putc      		CODE           	1946	0000	87
		_lcd_puts      		CODE           	18F0	0000	87
		_lcd_send_byte 		CODE           	19EE	0000	73
		_lcd_gotoxy    		CODE           	1A78	0000	67
		_lcd_send_nibble		CODE           	1CC8	0000	35
		_delay_ms      		CODE           	1C5C	0000	39
		_lcd_init      		CODE           	1838	0000	99
		_delay_cycles  		CODE           	1BE0	0000	47

Lcd.c estimated size: 534

